---
source: src/lexer.rs
expression: tokens.snapshot()
---
   1:0  -    1:4  Type
   1:5  -    1:11 Identifier: MyType
   1:12 -    1:13 Assign
   1:14 -    1:15 OpenCurl
   1:16 -    1:17 Identifier: a
   1:18 -    1:21 Identifier: Int
   1:21 -    1:22 Separator
   1:23 -    1:24 Identifier: b
   1:25 -    1:26 OpenBracket
   1:26 -    1:28 Identifier: Gt
   1:28 -    1:29 Separator
   1:30 -    1:32 Identifier: Lt
   1:32 -    1:33 CloseBracket
   1:34 -    1:35 CloseCurl
   1:35 -    0:23 EOF
